


materialPath: D:\SteamLibrary\steamapps\common\GarrysMod\garrysmod\materials
Loading D:\SteamLibrary\steamapps\common\GarrysMod\garrysmod\addons\fps_boardgame\maps\bfps_backrooms.vmf
Patching WVT material: maps/bfps_backrooms/custom/zsbackrooms/backroom_wvt_patch
fixing up env_cubemap materials on brush sides...
ProcessBlock_Thread: 0...1...2...3...4...5...6...7...8...9...10 (0)
**** leaked ****
Entity light (-1376.00 2504.00 201.72) leaked!

FindPortalSide: Couldn't find a good match for which brush to assign to a portal near (1416.0 6144.0 2980.0)
Leaf 0 contents: CONTENTS_SOLID 
Leaf 1 contents: 
viscontents (node 0 contents ^ node 1 contents): CONTENTS_SOLID 
This means that none of the brushes in leaf 0 or 1 that touches the portal has CONTENTS_SOLID 
Check for a huge brush enclosing the coordinates above that has contents CONTENTS_SOLID 
Candidate brush IDs: 


FindPortalSide: Couldn't find a good match for which brush to assign to a portal near (1928.0 6144.0 2980.0)
Leaf 0 contents: CONTENTS_SOLID 
Leaf 1 contents: 
viscontents (node 0 contents ^ node 1 contents): CONTENTS_SOLID 
This means that none of the brushes in leaf 0 or 1 that touches the portal has CONTENTS_SOLID 
Check for a huge brush enclosing the coordinates above that has contents CONTENTS_SOLID 
Candidate brush IDs: 


FindPortalSide: Couldn't find a good match for which brush to assign to a portal near (2048.0 6656.0 2980.0)
Leaf 0 contents: 
Leaf 1 contents: CONTENTS_SOLID 
viscontents (node 0 contents ^ node 1 contents): CONTENTS_SOLID 
This means that none of the brushes in leaf 0 or 1 that touches the portal has CONTENTS_SOLID 
Check for a huge brush enclosing the coordinates above that has contents CONTENTS_SOLID 
Candidate brush IDs: 


FindPortalSide: Couldn't find a good match for which brush to assign to a portal near (1536.0 7168.0 2980.0)
Leaf 0 contents: 
Leaf 1 contents: CONTENTS_SOLID 
viscontents (node 0 contents ^ node 1 contents): CONTENTS_SOLID 
This means that none of the brushes in leaf 0 or 1 that touches the portal has CONTENTS_SOLID 
Check for a huge brush enclosing the coordinates above that has contents CONTENTS_SOLID 
Candidate brush IDs: 


FindPortalSide: Couldn't find a good match for which brush to assign to a portal near (0.0 6276.0 228.0)
Leaf 0 contents: CONTENTS_SOLID 
Leaf 1 contents: 
viscontents (node 0 contents ^ node 1 contents): CONTENTS_SOLID 
This means that none of the brushes in leaf 0 or 1 that touches the portal has CONTENTS_SOLID 
Check for a huge brush enclosing the coordinates above that has contents CONTENTS_SOLID 
Candidate brush IDs: 


FindPortalSide: Couldn't find a good match for which brush to assign to a portal near (0.0 6788.0 228.0)
Leaf 0 contents: CONTENTS_SOLID 
Leaf 1 contents: 
viscontents (node 0 contents ^ node 1 contents): CONTENTS_SOLID 
This means that none of the brushes in leaf 0 or 1 that touches the portal has CONTENTS_SOLID 
Check for a huge brush enclosing the coordinates above that has contents CONTENTS_SOLID 
Candidate brush IDs: 


FindPortalSide: Couldn't find a good match for which brush to assign to a portal near (0.0 6656.0 3016.0)
Leaf 0 contents: CONTENTS_SOLID 
Leaf 1 contents: 
viscontents (node 0 contents ^ node 1 contents): CONTENTS_SOLID 
This means that none of the brushes in leaf 0 or 1 that touches the portal has CONTENTS_SOLID 
Check for a huge brush enclosing the coordinates above that has contents CONTENTS_SOLID 
Candidate brush IDs: 


FindPortalSide: Couldn't find a good match for which brush to assign to a portal near (512.0 6144.0 2980.0)
Leaf 0 contents: CONTENTS_SOLID 
Leaf 1 contents: 
viscontents (node 0 contents ^ node 1 contents): CONTENTS_SOLID 
This means that none of the brushes in leaf 0 or 1 that touches the portal has CONTENTS_SOLID 
Check for a huge brush enclosing the coordinates above that has contents CONTENTS_SOLID 
Candidate brush IDs: 

*** Suppressing further FindPortalSide errors.... ***
Processing areas...done (0)
Building Faces...done (0)
Chop Details...done (0)
Find Visible Detail Sides...
Merged 374 detail faces...done (0)
Merging details...done (0)
FixTjuncs...
PruneNodes...
WriteBSP...
done (0)
Creating default LDR cubemaps for env_cubemap using skybox materials:
   skybox/sky_black_01*.vmt
 ! Run buildcubemaps in the engine to get the correct cube maps.
*** Error: Skybox vtf files for skybox/sky_black_01 weren't compiled with the same size texture and/or same flags!
Can't load skybox file skybox/sky_black_01 to build the default cubemap!
Finding displacement neighbors...
Finding lightmap sample positions...
Displacement Alpha : 0...1...2...3...4...5...6...7...8...9...10
Building Physics collision data...
done (0) (237005 bytes)
Placing detail props : 0...1...2...3...4...5...6...7...8...9...10
Compacting texture/material tables...
Reduced 2420 texinfos to 1505
Reduced 115 texdatas to 99 (4528 bytes to 4044)
Writing D:\SteamLibrary\steamapps\common\GarrysMod\garrysmod\addons\fps_boardgame\maps\bfps_backrooms.bsp
4 seconds elapsed



6 threads
reading d:\steamlibrary\steamapps\common\garrysmod\garrysmod\addons\fps_boardgame\maps\bfps_backrooms.bsp
reading d:\steamlibrary\steamapps\common\garrysmod\garrysmod\addons\fps_boardgame\maps\bfps_backrooms.prt
LoadPortals: couldn't read d:\steamlibrary\steamapps\common\garrysmod\garrysmod\addons\fps_boardgame\maps\bfps_backrooms.prt



materialPath: D:\SteamLibrary\steamapps\common\GarrysMod\garrysmod\materials
Loading D:\SteamLibrary\steamapps\common\GarrysMod\garrysmod\addons\fps_boardgame\maps\bfps_backrooms.vmf
Patching WVT material: maps/bfps_backrooms/custom/zsbackrooms/backroom_wvt_patch
fixing up env_cubemap materials on brush sides...
ProcessBlock_Thread: 0...1...2...3...4...5...6...7...8...9...10 (0)
**** leaked ****
Entity func_physbox (-3802.00 4392.00 -392.00) leaked!

FindPortalSide: Couldn't find a good match for which brush to assign to a portal near (1312.0 6144.0 247.0)
Leaf 0 contents: CONTENTS_SOLID 
Leaf 1 contents: 
viscontents (node 0 contents ^ node 1 contents): CONTENTS_SOLID 
This means that none of the brushes in leaf 0 or 1 that touches the portal has CONTENTS_SOLID 
Check for a huge brush enclosing the coordinates above that has contents CONTENTS_SOLID 
Candidate brush IDs: 


FindPortalSide: Couldn't find a good match for which brush to assign to a portal near (1700.0 6144.0 247.0)
Leaf 0 contents: CONTENTS_SOLID 
Leaf 1 contents: 
viscontents (node 0 contents ^ node 1 contents): CONTENTS_SOLID 
This means that none of the brushes in leaf 0 or 1 that touches the portal has CONTENTS_SOLID 
Check for a huge brush enclosing the coordinates above that has contents CONTENTS_SOLID 
Candidate brush IDs: 


FindPortalSide: Couldn't find a good match for which brush to assign to a portal near (1924.0 6144.0 247.0)
Leaf 0 contents: CONTENTS_SOLID 
Leaf 1 contents: 
viscontents (node 0 contents ^ node 1 contents): CONTENTS_SOLID 
This means that none of the brushes in leaf 0 or 1 that touches the portal has CONTENTS_SOLID 
Check for a huge brush enclosing the coordinates above that has contents CONTENTS_SOLID 
Candidate brush IDs: 


FindPortalSide: Couldn't find a good match for which brush to assign to a portal near (1416.0 6144.0 3016.0)
Leaf 0 contents: CONTENTS_SOLID 
Leaf 1 contents: 
viscontents (node 0 contents ^ node 1 contents): CONTENTS_SOLID 
This means that none of the brushes in leaf 0 or 1 that touches the portal has CONTENTS_SOLID 
Check for a huge brush enclosing the coordinates above that has contents CONTENTS_SOLID 
Candidate brush IDs: 


FindPortalSide: Couldn't find a good match for which brush to assign to a portal near (1928.0 6144.0 3016.0)
Leaf 0 contents: CONTENTS_SOLID 
Leaf 1 contents: 
viscontents (node 0 contents ^ node 1 contents): CONTENTS_SOLID 
This means that none of the brushes in leaf 0 or 1 that touches the portal has CONTENTS_SOLID 
Check for a huge brush enclosing the coordinates above that has contents CONTENTS_SOLID 
Candidate brush IDs: 


FindPortalSide: Couldn't find a good match for which brush to assign to a portal near (2048.0 6656.0 2999.0)
Leaf 0 contents: 
Leaf 1 contents: CONTENTS_SOLID 
viscontents (node 0 contents ^ node 1 contents): CONTENTS_SOLID 
This means that none of the brushes in leaf 0 or 1 that touches the portal has CONTENTS_SOLID 
Check for a huge brush enclosing the coordinates above that has contents CONTENTS_SOLID 
Candidate brush IDs: 


FindPortalSide: Couldn't find a good match for which brush to assign to a portal near (1536.0 7168.0 2999.0)
Leaf 0 contents: 
Leaf 1 contents: CONTENTS_SOLID 
viscontents (node 0 contents ^ node 1 contents): CONTENTS_SOLID 
This means that none of the brushes in leaf 0 or 1 that touches the portal has CONTENTS_SOLID 
Check for a huge brush enclosing the coordinates above that has contents CONTENTS_SOLID 
Candidate brush IDs: 


FindPortalSide: Couldn't find a good match for which brush to assign to a portal near (0.0 6276.0 247.0)
Leaf 0 contents: CONTENTS_SOLID 
Leaf 1 contents: 
viscontents (node 0 contents ^ node 1 contents): CONTENTS_SOLID 
This means that none of the brushes in leaf 0 or 1 that touches the portal has CONTENTS_SOLID 
Check for a huge brush enclosing the coordinates above that has contents CONTENTS_SOLID 
Candidate brush IDs: 

*** Suppressing further FindPortalSide errors.... ***
Processing areas...done (0)
Building Faces...done (0)
Chop Details...done (0)
Find Visible Detail Sides...
Merged 374 detail faces...done (0)
Merging details...done (0)
FixTjuncs...
PruneNodes...
WriteBSP...
done (0)
Creating default LDR cubemaps for env_cubemap using skybox materials:
   skybox/sky_black_01*.vmt
 ! Run buildcubemaps in the engine to get the correct cube maps.
*** Error: Skybox vtf files for skybox/sky_black_01 weren't compiled with the same size texture and/or same flags!
Can't load skybox file skybox/sky_black_01 to build the default cubemap!
Finding displacement neighbors...
Finding lightmap sample positions...
Displacement Alpha : 0...1...2...3...4...5...6...7...8...9...10
Building Physics collision data...
done (0) (223917 bytes)
Placing detail props : 0...1...2...3...4...5...6...7...8...9...10
Compacting texture/material tables...
Reduced 2344 texinfos to 1462
Reduced 106 texdatas to 91 (4048 bytes to 3603)
Writing D:\SteamLibrary\steamapps\common\GarrysMod\garrysmod\addons\fps_boardgame\maps\bfps_backrooms.bsp
3 seconds elapsed



6 threads
reading d:\steamlibrary\steamapps\common\garrysmod\garrysmod\addons\fps_boardgame\maps\bfps_backrooms.bsp
reading d:\steamlibrary\steamapps\common\garrysmod\garrysmod\addons\fps_boardgame\maps\bfps_backrooms.prt
LoadPortals: couldn't read d:\steamlibrary\steamapps\common\garrysmod\garrysmod\addons\fps_boardgame\maps\bfps_backrooms.prt



materialPath: D:\SteamLibrary\steamapps\common\GarrysMod\garrysmod\materials
Loading D:\SteamLibrary\steamapps\common\GarrysMod\garrysmod\addons\fps_boardgame\maps\bfps_backrooms.vmf
Patching WVT material: maps/bfps_backrooms/custom/zsbackrooms/backroom_wvt_patch
fixing up env_cubemap materials on brush sides...
ProcessBlock_Thread: 0...1...2...3...4...5...6...7...8...9...10 (0)
ProcessBlock_Thread: 0...1...2...3...4...5...6...7...8...9...10 (0)
Processing areas...done (0)
Building Faces...done (0)
Chop Details...done (0)
Find Visible Detail Sides...
Merged 374 detail faces...done (1)
Merging details...done (0)
FixTjuncs...
PruneNodes...
WriteBSP...
done (0)
writing D:\SteamLibrary\steamapps\common\GarrysMod\garrysmod\addons\fps_boardgame\maps\bfps_backrooms.prt...
Building visibility clusters...
done (0)
Creating default LDR cubemaps for env_cubemap using skybox materials:
   skybox/sky_black_01*.vmt
 ! Run buildcubemaps in the engine to get the correct cube maps.
*** Error: Skybox vtf files for skybox/sky_black_01 weren't compiled with the same size texture and/or same flags!
Can't load skybox file skybox/sky_black_01 to build the default cubemap!
Finding displacement neighbors...
Finding lightmap sample positions...
Displacement Alpha : 0...1...2...3...4...5...6...7...8...9...10
Building Physics collision data...
done (0) (223917 bytes)
Placing detail props : 0...1...2...3...4...5...6...7...8...9...10
Compacting texture/material tables...
Reduced 2344 texinfos to 1458
Reduced 106 texdatas to 91 (4048 bytes to 3603)
Writing D:\SteamLibrary\steamapps\common\GarrysMod\garrysmod\addons\fps_boardgame\maps\bfps_backrooms.bsp
2 seconds elapsed



6 threads
reading d:\steamlibrary\steamapps\common\garrysmod\garrysmod\addons\fps_boardgame\maps\bfps_backrooms.bsp
reading d:\steamlibrary\steamapps\common\garrysmod\garrysmod\addons\fps_boardgame\maps\bfps_backrooms.prt
 109 portalclusters
 253 numportals
BasePortalVis:       0...1...2...3...4...5...6...7...8...9...10 (0)
PortalFlow:          0...1...2...3...4...5...6...7...8...9...10 (0)
Optimized: 1 visible clusters (0.02%)
Total clusters visible: 5848
Average clusters visible: 53
Building PAS...
Average clusters audible: 100
visdatasize:3855  compressed from 3488
writing d:\steamlibrary\steamapps\common\garrysmod\garrysmod\addons\fps_boardgame\maps\bfps_backrooms.bsp
0 seconds elapsed



[Reading texlights from 'lights.rad']
[51 texlights parsed from 'lights.rad']
Loading d:\steamlibrary\steamapps\common\garrysmod\garrysmod\addons\fps_boardgame\maps\bfps_backrooms.bsp
BuildFacelights:     0...1...2...3...4...5...6...7...8...9...10 (0)
BuildVisLeafs:       0...1...2...3...4...5...6...7...8...9...10 (3)
transfers 15235001, max 850
GatherLight:         0...1...2...3...4...5...6...7...8...9...10 (0)
GatherLight:         0...1...2...3...4...5...6...7...8...9...10 (0)
GatherLight:         0...1...2...3...4...5...6...7...8...9...10 (1)
GatherLight:         0...1...2...3...4...5...6...7...8...9...10 (0)
GatherLight:         0...1...2...3...4...5...6...7...8...9...10 (0)
GatherLight:         0...1...2...3...4...5...6...7...8...9...10 (0)
GatherLight:         0...1...2...3...4...5...6...7...8...9...10 (0)
GatherLight:         0...1...2...3...4...5...6...7...8...9...10 (0)
GatherLight:         0...1...2...3...4...5...6...7...8...9...10 (0)
GatherLight:         0...1...2...3...4...5...6...7...8...9...10 (0)
GatherLight:         0...1...2...3...4...5...6...7...8...9...10 (0)
Build Patch/Sample Hash Table(s).....Done<0.0218 sec>
FinalLightFace:      0...1...2...3...4...5...6...7...8...9...10 (1)
FinalLightFace Done
0 of 0 (0% of) surface lights went in leaf ambient cubes.
ThreadComputeLeafAmbient: 0...1...2...3...4...5...6...7...8...9...10 (1)
Writing leaf ambient...done
Ready to Finish

Object names       Objects/Maxobjs  Memory / Maxmem  Fullness 
------------       ---------------  ---------------  -------- 
models                  32/4096         1536/196608   ( 0.8%) 
brushes                590/65535        7080/786420   ( 0.9%) 
brushsides            5657/655350      45256/5242800  ( 0.9%) 
planes                6184/65536      123680/1310720  ( 9.4%) 
vertexes              4078/65536       48936/786432   ( 6.2%) 
nodes                  497/65536       15904/2097152  ( 0.8%) 
texinfos              1458/16384      104976/1179648  ( 8.9%) 
texdata                 91/8192         2912/262144   ( 1.1%) 
dispinfos               24/0            4224/0        ( 0.0%) 
disp_verts            1776/0           35520/0        ( 0.0%) 
disp_tris             2784/0            5568/0        ( 0.0%) 
disp_multiblend          0/0               0/0        ( 0.0%) 
disp_lmsamples      365504/0          365504/0        ( 0.0%) 
faces                 2586/65536      144816/3670016  ( 3.9%) 
hdr faces                0/65536           0/3670016  ( 0.0%) 
origfaces             1877/65536      105112/3670016  ( 2.9%) 
leaves                 530/65536       16960/2097152  ( 0.8%) 
leaffaces             2814/65536        5628/131072   ( 4.3%) 
leafbrushes            847/65536        1694/131072   ( 1.3%) 
areas                    2/1024           16/8192     ( 0.2%) 
surfedges            19154/512000      76616/2048000  ( 3.7%) 
edges                11981/256000      47924/1024000  ( 4.7%) 
LDR worldlights         12/8192         1056/720896   ( 0.1%) 
HDR worldlights          0/8192            0/720896   ( 0.0%) 
leafwaterdata            0/32768           0/393216   ( 0.0%) 
waterstrips            236/32768        2360/327680   ( 0.7%) 
waterverts               0/65536           0/786432   ( 0.0%) 
waterindices          3270/65536        6540/131072   ( 5.0%) 
cubemapsamples          14/1024          224/16384    ( 1.4%) 
overlays                 1/8192          352/2883584  ( 0.0%) 
LDR lightdata         [variable]     4145304/0        ( 0.0%) 
HDR lightdata         [variable]           0/0        ( 0.0%) 
visdata               [variable]        3855/16777216 ( 0.0%) 
entdata               [variable]       74918/4194304  ( 1.8%) 
LDR ambient table      530/65536        2120/262144   ( 0.8%) 
HDR ambient table      530/65536        2120/262144   ( 0.8%) 
LDR leaf ambient      1667/65536       46676/1835008  ( 2.5%) 
HDR leaf ambient       530/65536       14840/1835008  ( 0.8%) 
occluders                0/0               0/0        ( 0.0%) 
occluder polygons        0/0               0/0        ( 0.0%) 
occluder vert ind        0/0               0/0        ( 0.0%) 
detail props          [variable]          12/0        ( 0.0%) 
static props          [variable]        1338/0        ( 0.0%) 
static prop count       11/16384           0/0        ( 0.1%) 
pakfile               [variable]       82506/0        ( 0.0%) 
physics               [variable]      223917/4194304  ( 5.3%) 
physics terrain       [variable]        6664/1048576  ( 0.6%) 

Level flags = 0

Total triangle count: 6457
Writing d:\steamlibrary\steamapps\common\garrysmod\garrysmod\addons\fps_boardgame\maps\bfps_backrooms.bsp
6 seconds elapsed




[Reading texlights from 'lights.rad']
[51 texlights parsed from 'lights.rad']
Loading d:\steamlibrary\steamapps\common\garrysmod\garrysmod\addons\fps_boardgame\maps\bfps_backrooms.bsp
BuildFacelights:     0...1...2...3...4...5...6...7...8...9...10 (1)
BuildVisLeafs:       0...1...2...3...4...5...6...7...8...9...10 (3)
transfers 15235001, max 850
GatherLight:         0...1...2...3...4...5...6...7...8...9...10 (0)
GatherLight:         0...1...2...3...4...5...6...7...8...9...10 (0)
GatherLight:         0...1...2...3...4...5...6...7...8...9...10 (0)
GatherLight:         0...1...2...3...4...5...6...7...8...9...10 (0)
GatherLight:         0...1...2...3...4...5...6...7...8...9...10 (0)
GatherLight:         0...1...2...3...4...5...6...7...8...9...10 (1)
GatherLight:         0...1...2...3...4...5...6...7...8...9...10 (0)
GatherLight:         0...1...2...3...4...5...6...7...8...9...10 (0)
GatherLight:         0...1...2...3...4...5...6...7...8...9...10 (0)
GatherLight:         0...1...2...3...4...5...6...7...8...9...10 (0)
GatherLight:         0...1...2...3...4...5...6...7...8...9...10 (0)
Build Patch/Sample Hash Table(s).....Done<0.0203 sec>
FinalLightFace:      0...1...2...3...4...5...6...7...8...9...10 (1)
FinalLightFace Done
0 of 0 (0% of) surface lights went in leaf ambient cubes.
ThreadComputeLeafAmbient: 0...1...2...3...4...5...6...7...8...9...10 (0)
Writing leaf ambient...done
Ready to Finish

Object names       Objects/Maxobjs  Memory / Maxmem  Fullness 
------------       ---------------  ---------------  -------- 
models                  32/4096         1536/196608   ( 0.8%) 
brushes                590/65535        7080/786420   ( 0.9%) 
brushsides            5657/655350      45256/5242800  ( 0.9%) 
planes                6184/65536      123680/1310720  ( 9.4%) 
vertexes              4078/65536       48936/786432   ( 6.2%) 
nodes                  497/65536       15904/2097152  ( 0.8%) 
texinfos              1458/16384      104976/1179648  ( 8.9%) 
texdata                 91/8192         2912/262144   ( 1.1%) 
dispinfos               24/0            4224/0        ( 0.0%) 
disp_verts            1776/0           35520/0        ( 0.0%) 
disp_tris             2784/0            5568/0        ( 0.0%) 
disp_multiblend          0/0               0/0        ( 0.0%) 
disp_lmsamples      365504/0          365504/0        ( 0.0%) 
faces                 2586/65536      144816/3670016  ( 3.9%) 
hdr faces             2586/65536      144816/3670016  ( 3.9%) 
origfaces             1877/65536      105112/3670016  ( 2.9%) 
leaves                 530/65536       16960/2097152  ( 0.8%) 
leaffaces             2814/65536        5628/131072   ( 4.3%) 
leafbrushes            847/65536        1694/131072   ( 1.3%) 
areas                    2/1024           16/8192     ( 0.2%) 
surfedges            19154/512000      76616/2048000  ( 3.7%) 
edges                11981/256000      47924/1024000  ( 4.7%) 
LDR worldlights         12/8192         1056/720896   ( 0.1%) 
HDR worldlights         12/8192         1056/720896   ( 0.1%) 
leafwaterdata            0/32768           0/393216   ( 0.0%) 
waterstrips            236/32768        2360/327680   ( 0.7%) 
waterverts               0/65536           0/786432   ( 0.0%) 
waterindices          3270/65536        6540/131072   ( 5.0%) 
cubemapsamples          14/1024          224/16384    ( 1.4%) 
overlays                 1/8192          352/2883584  ( 0.0%) 
LDR lightdata         [variable]     4145304/0        ( 0.0%) 
HDR lightdata         [variable]     4145304/0        ( 0.0%) 
visdata               [variable]        3855/16777216 ( 0.0%) 
entdata               [variable]       74918/4194304  ( 1.8%) 
LDR ambient table      530/65536        2120/262144   ( 0.8%) 
HDR ambient table      530/65536        2120/262144   ( 0.8%) 
LDR leaf ambient      1667/65536       46676/1835008  ( 2.5%) 
HDR leaf ambient      1667/65536       46676/1835008  ( 2.5%) 
occluders                0/0               0/0        ( 0.0%) 
occluder polygons        0/0               0/0        ( 0.0%) 
occluder vert ind        0/0               0/0        ( 0.0%) 
detail props          [variable]          12/0        ( 0.0%) 
static props          [variable]        1338/0        ( 0.0%) 
static prop count       11/16384           0/0        ( 0.1%) 
pakfile               [variable]       82506/0        ( 0.0%) 
physics               [variable]      223917/4194304  ( 5.3%) 
physics terrain       [variable]        6664/1048576  ( 0.6%) 

Level flags = 0

Total triangle count: 6457
Writing d:\steamlibrary\steamapps\common\garrysmod\garrysmod\addons\fps_boardgame\maps\bfps_backrooms.bsp
6 seconds elapsed




materialPath: D:\SteamLibrary\steamapps\common\GarrysMod\garrysmod\materials
Loading D:\SteamLibrary\steamapps\common\GarrysMod\garrysmod\addons\fps_boardgame\maps\bfps_backrooms.vmf
Patching WVT material: maps/bfps_backrooms/custom/zsbackrooms/backroom_wvt_patch
fixing up env_cubemap materials on brush sides...
ProcessBlock_Thread: 0...1...2...3...4...5...6...7...8...9...10 (0)
ProcessBlock_Thread: 0...1...2...3...4...5...6...7...8...9...10 (0)
Processing areas...done (0)
Building Faces...done (0)
Chop Details...done (0)
Find Visible Detail Sides...
Merged 374 detail faces...done (0)
Merging details...done (0)
FixTjuncs...
PruneNodes...
WriteBSP...
done (0)
writing D:\SteamLibrary\steamapps\common\GarrysMod\garrysmod\addons\fps_boardgame\maps\bfps_backrooms.prt...
Building visibility clusters...
done (0)
Creating default LDR cubemaps for env_cubemap using skybox materials:
   skybox/sky_black_01*.vmt
 ! Run buildcubemaps in the engine to get the correct cube maps.
*** Error: Skybox vtf files for skybox/sky_black_01 weren't compiled with the same size texture and/or same flags!
Can't load skybox file skybox/sky_black_01 to build the default cubemap!
Finding displacement neighbors...
Finding lightmap sample positions...
Displacement Alpha : 0...1...2...3...4...5...6...7...8...9...10
Building Physics collision data...
done (0) (226482 bytes)
Placing detail props : 0...1...2...3...4...5...6...7...8...9...10
Compacting texture/material tables...
Reduced 2355 texinfos to 1463
Reduced 109 texdatas to 94 (4099 bytes to 3654)
Writing D:\SteamLibrary\steamapps\common\GarrysMod\garrysmod\addons\fps_boardgame\maps\bfps_backrooms.bsp
2 seconds elapsed



6 threads
reading d:\steamlibrary\steamapps\common\garrysmod\garrysmod\addons\fps_boardgame\maps\bfps_backrooms.bsp
reading d:\steamlibrary\steamapps\common\garrysmod\garrysmod\addons\fps_boardgame\maps\bfps_backrooms.prt
 113 portalclusters
 257 numportals
BasePortalVis:       0...1...2...3...4...5...6...7...8...9...10 (0)
PortalFlow:          0...1...2...3...4...5...6...7...8...9...10 (0)
Optimized: 1 visible clusters (0.02%)
Total clusters visible: 5864
Average clusters visible: 51
Building PAS...
Average clusters audible: 97
visdatasize:4155  compressed from 3616
writing d:\steamlibrary\steamapps\common\garrysmod\garrysmod\addons\fps_boardgame\maps\bfps_backrooms.bsp
0 seconds elapsed



[Reading texlights from 'lights.rad']
[51 texlights parsed from 'lights.rad']
Loading d:\steamlibrary\steamapps\common\garrysmod\garrysmod\addons\fps_boardgame\maps\bfps_backrooms.bsp
BuildFacelights:     0...1...2...3...4...5...6...7...8...9...10 (0)
BuildVisLeafs:       0...1...2...3...4...5...6...7...8...9...10 (3)
transfers 15314259, max 850
GatherLight:         0...1...2...3...4...5...6...7...8...9...10 (0)
GatherLight:         0...1...2...3...4...5...6...7...8...9...10 (0)
GatherLight:         0...1...2...3...4...5...6...7...8...9...10 (0)
GatherLight:         0...1...2...3...4...5...6...7...8...9...10 (0)
GatherLight:         0...1...2...3...4...5...6...7...8...9...10 (0)
GatherLight:         0...1...2...3...4...5...6...7...8...9...10 (0)
GatherLight:         0...1...2...3...4...5...6...7...8...9...10 (1)
GatherLight:         0...1...2...3...4...5...6...7...8...9...10 (0)
GatherLight:         0...1...2...3...4...5...6...7...8...9...10 (0)
GatherLight:         0...1...2...3...4...5...6...7...8...9...10 (0)
GatherLight:         0...1...2...3...4...5...6...7...8...9...10 (0)
Build Patch/Sample Hash Table(s).....Done<0.0210 sec>
FinalLightFace:      0...1...2...3...4...5...6...7...8...9...10 (1)
FinalLightFace Done
0 of 0 (0% of) surface lights went in leaf ambient cubes.
ThreadComputeLeafAmbient: 0...1...2...3...4...5...6...7...8...9...10 (1)
Writing leaf ambient...done
Ready to Finish

Object names       Objects/Maxobjs  Memory / Maxmem  Fullness 
------------       ---------------  ---------------  -------- 
models                  32/4096         1536/196608   ( 0.8%) 
brushes                597/65535        7164/786420   ( 0.9%) 
brushsides            5699/655350      45592/5242800  ( 0.9%) 
planes                6216/65536      124320/1310720  ( 9.5%) 
vertexes              4120/65536       49440/786432   ( 6.3%) 
nodes                  520/65536       16640/2097152  ( 0.8%) 
texinfos              1463/16384      105336/1179648  ( 8.9%) 
texdata                 94/8192         3008/262144   ( 1.1%) 
dispinfos               24/0            4224/0        ( 0.0%) 
disp_verts            1776/0           35520/0        ( 0.0%) 
disp_tris             2784/0            5568/0        ( 0.0%) 
disp_multiblend          0/0               0/0        ( 0.0%) 
disp_lmsamples      365504/0          365504/0        ( 0.0%) 
faces                 2604/65536      145824/3670016  ( 4.0%) 
hdr faces                0/65536           0/3670016  ( 0.0%) 
origfaces             1884/65536      105504/3670016  ( 2.9%) 
leaves                 553/65536       17696/2097152  ( 0.8%) 
leaffaces             2832/65536        5664/131072   ( 4.3%) 
leafbrushes            861/65536        1722/131072   ( 1.3%) 
areas                    3/1024           24/8192     ( 0.3%) 
surfedges            19254/512000      77016/2048000  ( 3.8%) 
edges                12048/256000      48192/1024000  ( 4.7%) 
LDR worldlights         13/8192         1144/720896   ( 0.2%) 
HDR worldlights          0/8192            0/720896   ( 0.0%) 
leafwaterdata            0/32768           0/393216   ( 0.0%) 
waterstrips            236/32768        2360/327680   ( 0.7%) 
waterverts               0/65536           0/786432   ( 0.0%) 
waterindices          3270/65536        6540/131072   ( 5.0%) 
cubemapsamples          14/1024          224/16384    ( 1.4%) 
overlays                 1/8192          352/2883584  ( 0.0%) 
LDR lightdata         [variable]     4179632/0        ( 0.0%) 
HDR lightdata         [variable]           0/0        ( 0.0%) 
visdata               [variable]        4155/16777216 ( 0.0%) 
entdata               [variable]       78770/4194304  ( 1.9%) 
LDR ambient table      553/65536        2212/262144   ( 0.8%) 
HDR ambient table      553/65536        2212/262144   ( 0.8%) 
LDR leaf ambient      1490/65536       41720/1835008  ( 2.3%) 
HDR leaf ambient       553/65536       15484/1835008  ( 0.8%) 
occluders                0/0               0/0        ( 0.0%) 
occluder polygons        0/0               0/0        ( 0.0%) 
occluder vert ind        0/0               0/0        ( 0.0%) 
detail props          [variable]          12/0        ( 0.0%) 
static props          [variable]        1338/0        ( 0.0%) 
static prop count       11/16384           0/0        ( 0.1%) 
pakfile               [variable]       82506/0        ( 0.0%) 
physics               [variable]      226482/4194304  ( 5.4%) 
physics terrain       [variable]        6664/1048576  ( 0.6%) 

Level flags = 0

Total triangle count: 6493
Writing d:\steamlibrary\steamapps\common\garrysmod\garrysmod\addons\fps_boardgame\maps\bfps_backrooms.bsp
6 seconds elapsed




[Reading texlights from 'lights.rad']
[51 texlights parsed from 'lights.rad']
Loading d:\steamlibrary\steamapps\common\garrysmod\garrysmod\addons\fps_boardgame\maps\bfps_backrooms.bsp
BuildFacelights:     0...1...2...3...4...5...6...7...8...9...10 (1)
BuildVisLeafs:       0...1...2...3...4...5...6...7...8...9...10 (3)
transfers 15314259, max 850
GatherLight:         0...1...2...3...4...5...6...7...8...9...10 (0)
GatherLight:         0...1...2...3...4...5...6...7...8...9...10 (0)
GatherLight:         0...1...2...3...4...5...6...7...8...9...10 (0)
GatherLight:         0...1...2...3...4...5...6...7...8...9...10 (0)
GatherLight:         0...1...2...3...4...5...6...7...8...9...10 (0)
GatherLight:         0...1...2...3...4...5...6...7...8...9...10 (0)
GatherLight:         0...1...2...3...4...5...6...7...8...9...10 (0)
GatherLight:         0...1...2...3...4...5...6...7...8...9...10 (0)
GatherLight:         0...1...2...3...4...5...6...7...8...9...10 (1)
GatherLight:         0...1...2...3...4...5...6...7...8...9...10 (0)
GatherLight:         0...1...2...3...4...5...6...7...8...9...10 (0)
Build Patch/Sample Hash Table(s).....Done<0.0215 sec>
FinalLightFace:      0...1...2...3...4...5...6...7...8...9...10 (1)
FinalLightFace Done
0 of 0 (0% of) surface lights went in leaf ambient cubes.
ThreadComputeLeafAmbient: 0...1...2...3...4...5...6...7...8...9...10 (0)
Writing leaf ambient...done
Ready to Finish

Object names       Objects/Maxobjs  Memory / Maxmem  Fullness 
------------       ---------------  ---------------  -------- 
models                  32/4096         1536/196608   ( 0.8%) 
brushes                597/65535        7164/786420   ( 0.9%) 
brushsides            5699/655350      45592/5242800  ( 0.9%) 
planes                6216/65536      124320/1310720  ( 9.5%) 
vertexes              4120/65536       49440/786432   ( 6.3%) 
nodes                  520/65536       16640/2097152  ( 0.8%) 
texinfos              1463/16384      105336/1179648  ( 8.9%) 
texdata                 94/8192         3008/262144   ( 1.1%) 
dispinfos               24/0            4224/0        ( 0.0%) 
disp_verts            1776/0           35520/0        ( 0.0%) 
disp_tris             2784/0            5568/0        ( 0.0%) 
disp_multiblend          0/0               0/0        ( 0.0%) 
disp_lmsamples      365504/0          365504/0        ( 0.0%) 
faces                 2604/65536      145824/3670016  ( 4.0%) 
hdr faces             2604/65536      145824/3670016  ( 4.0%) 
origfaces             1884/65536      105504/3670016  ( 2.9%) 
leaves                 553/65536       17696/2097152  ( 0.8%) 
leaffaces             2832/65536        5664/131072   ( 4.3%) 
leafbrushes            861/65536        1722/131072   ( 1.3%) 
areas                    3/1024           24/8192     ( 0.3%) 
surfedges            19254/512000      77016/2048000  ( 3.8%) 
edges                12048/256000      48192/1024000  ( 4.7%) 
LDR worldlights         13/8192         1144/720896   ( 0.2%) 
HDR worldlights         13/8192         1144/720896   ( 0.2%) 
leafwaterdata            0/32768           0/393216   ( 0.0%) 
waterstrips            236/32768        2360/327680   ( 0.7%) 
waterverts               0/65536           0/786432   ( 0.0%) 
waterindices          3270/65536        6540/131072   ( 5.0%) 
cubemapsamples          14/1024          224/16384    ( 1.4%) 
overlays                 1/8192          352/2883584  ( 0.0%) 
LDR lightdata         [variable]     4179632/0        ( 0.0%) 
HDR lightdata         [variable]     4179632/0        ( 0.0%) 
visdata               [variable]        4155/16777216 ( 0.0%) 
entdata               [variable]       78770/4194304  ( 1.9%) 
LDR ambient table      553/65536        2212/262144   ( 0.8%) 
HDR ambient table      553/65536        2212/262144   ( 0.8%) 
LDR leaf ambient      1490/65536       41720/1835008  ( 2.3%) 
HDR leaf ambient      1490/65536       41720/1835008  ( 2.3%) 
occluders                0/0               0/0        ( 0.0%) 
occluder polygons        0/0               0/0        ( 0.0%) 
occluder vert ind        0/0               0/0        ( 0.0%) 
detail props          [variable]          12/0        ( 0.0%) 
static props          [variable]        1338/0        ( 0.0%) 
static prop count       11/16384           0/0        ( 0.1%) 
pakfile               [variable]       82506/0        ( 0.0%) 
physics               [variable]      226482/4194304  ( 5.4%) 
physics terrain       [variable]        6664/1048576  ( 0.6%) 

Level flags = 0

Total triangle count: 6493
Writing d:\steamlibrary\steamapps\common\garrysmod\garrysmod\addons\fps_boardgame\maps\bfps_backrooms.bsp
6 seconds elapsed




materialPath: D:\SteamLibrary\steamapps\common\GarrysMod\garrysmod\materials
Loading D:\SteamLibrary\steamapps\common\GarrysMod\garrysmod\addons\fps_boardgame\maps\bfps_backrooms.vmf
Patching WVT material: maps/bfps_backrooms/custom/zsbackrooms/backroom_wvt_patch
fixing up env_cubemap materials on brush sides...
ProcessBlock_Thread: 0...1...2...3...4...5...6...7...8...9...10 (0)
ProcessBlock_Thread: 0...1...2...3...4...5...6...7...8...9...10 (0)
Processing areas...done (0)
Building Faces...done (0)
Chop Details...done (0)
Find Visible Detail Sides...
Merged 374 detail faces...done (0)
Merging details...done (0)
FixTjuncs...
PruneNodes...
WriteBSP...
done (0)
writing D:\SteamLibrary\steamapps\common\GarrysMod\garrysmod\addons\fps_boardgame\maps\bfps_backrooms.prt...
Building visibility clusters...
done (0)
Creating default LDR cubemaps for env_cubemap using skybox materials:
   skybox/sky_black_01*.vmt
 ! Run buildcubemaps in the engine to get the correct cube maps.
*** Error: Skybox vtf files for skybox/sky_black_01 weren't compiled with the same size texture and/or same flags!
Can't load skybox file skybox/sky_black_01 to build the default cubemap!
Finding displacement neighbors...
Finding lightmap sample positions...
Displacement Alpha : 0...1...2...3...4...5...6...7...8...9...10
Building Physics collision data...
done (0) (230218 bytes)
Placing detail props : 0...1...2...3...4...5...6...7...8...9...10
Compacting texture/material tables...
Reduced 2404 texinfos to 1487
Reduced 109 texdatas to 94 (4099 bytes to 3654)
Writing D:\SteamLibrary\steamapps\common\GarrysMod\garrysmod\addons\fps_boardgame\maps\bfps_backrooms.bsp
2 seconds elapsed



6 threads
reading d:\steamlibrary\steamapps\common\garrysmod\garrysmod\addons\fps_boardgame\maps\bfps_backrooms.bsp
reading d:\steamlibrary\steamapps\common\garrysmod\garrysmod\addons\fps_boardgame\maps\bfps_backrooms.prt
 113 portalclusters
 257 numportals
BasePortalVis:       0...1...2...3...4...5...6...7...8...9...10 (0)
PortalFlow:          0...1...2...3...4...5...6...7...8...9...10 (0)
Optimized: 1 visible clusters (0.02%)
Total clusters visible: 5864
Average clusters visible: 51
Building PAS...
Average clusters audible: 97
visdatasize:4155  compressed from 3616
writing d:\steamlibrary\steamapps\common\garrysmod\garrysmod\addons\fps_boardgame\maps\bfps_backrooms.bsp
0 seconds elapsed



[Reading texlights from 'lights.rad']
[51 texlights parsed from 'lights.rad']
Loading d:\steamlibrary\steamapps\common\garrysmod\garrysmod\addons\fps_boardgame\maps\bfps_backrooms.bsp
BuildFacelights:     0...1...2...3...4...5...6...7...8...9...10 (0)
BuildVisLeafs:       0...1...2...3...4...5...6...7...8...9...10 (3)
transfers 15590262, max 874
GatherLight:         0...1...2...3...4...5...6...7...8...9...10 (0)
GatherLight:         0...1...2...3...4...5...6...7...8...9...10 (0)
GatherLight:         0...1...2...3...4...5...6...7...8...9...10 (0)
GatherLight:         0...1...2...3...4...5...6...7...8...9...10 (0)
GatherLight:         0...1...2...3...4...5...6...7...8...9...10 (0)
GatherLight:         0...1...2...3...4...5...6...7...8...9...10 (0)
GatherLight:         0...1...2...3...4...5...6...7...8...9...10 (0)
GatherLight:         0...1...2...3...4...5...6...7...8...9...10 (0)
GatherLight:         0...1...2...3...4...5...6...7...8...9...10 (0)
GatherLight:         0...1...2...3...4...5...6...7...8...9...10 (0)
GatherLight:         0...1...2...3...4...5...6...7...8...9...10 (0)
Build Patch/Sample Hash Table(s).....Done<0.0216 sec>
FinalLightFace:      0...1...2...3...4...5...6...7...8...9...10 (1)
FinalLightFace Done
0 of 0 (0% of) surface lights went in leaf ambient cubes.
ThreadComputeLeafAmbient: 0...1...2...3...4...5...6...7...8...9...10 (1)
Writing leaf ambient...done
Ready to Finish

Object names       Objects/Maxobjs  Memory / Maxmem  Fullness 
------------       ---------------  ---------------  -------- 
models                  32/4096         1536/196608   ( 0.8%) 
brushes                606/65535        7272/786420   ( 0.9%) 
brushsides            5836/655350      46688/5242800  ( 0.9%) 
planes                6464/65536      129280/1310720  ( 9.9%) 
vertexes              4185/65536       50220/786432   ( 6.4%) 
nodes                  520/65536       16640/2097152  ( 0.8%) 
texinfos              1487/16384      107064/1179648  ( 9.1%) 
texdata                 94/8192         3008/262144   ( 1.1%) 
dispinfos               24/0            4224/0        ( 0.0%) 
disp_verts            1776/0           35520/0        ( 0.0%) 
disp_tris             2784/0            5568/0        ( 0.0%) 
disp_multiblend          0/0               0/0        ( 0.0%) 
disp_lmsamples      365504/0          365504/0        ( 0.0%) 
faces                 2644/65536      148064/3670016  ( 4.0%) 
hdr faces                0/65536           0/3670016  ( 0.0%) 
origfaces             1924/65536      107744/3670016  ( 2.9%) 
leaves                 553/65536       17696/2097152  ( 0.8%) 
leaffaces             2878/65536        5756/131072   ( 4.4%) 
leafbrushes            872/65536        1744/131072   ( 1.3%) 
areas                    3/1024           24/8192     ( 0.3%) 
surfedges            19613/512000      78452/2048000  ( 3.8%) 
edges                12285/256000      49140/1024000  ( 4.8%) 
LDR worldlights         13/8192         1144/720896   ( 0.2%) 
HDR worldlights          0/8192            0/720896   ( 0.0%) 
leafwaterdata            0/32768           0/393216   ( 0.0%) 
waterstrips            241/32768        2410/327680   ( 0.7%) 
waterverts               0/65536           0/786432   ( 0.0%) 
waterindices          3345/65536        6690/131072   ( 5.1%) 
cubemapsamples          14/1024          224/16384    ( 1.4%) 
overlays                 1/8192          352/2883584  ( 0.0%) 
LDR lightdata         [variable]     4215236/0        ( 0.0%) 
HDR lightdata         [variable]           0/0        ( 0.0%) 
visdata               [variable]        4155/16777216 ( 0.0%) 
entdata               [variable]       78079/4194304  ( 1.9%) 
LDR ambient table      553/65536        2212/262144   ( 0.8%) 
HDR ambient table      553/65536        2212/262144   ( 0.8%) 
LDR leaf ambient      1488/65536       41664/1835008  ( 2.3%) 
HDR leaf ambient       553/65536       15484/1835008  ( 0.8%) 
occluders                0/0               0/0        ( 0.0%) 
occluder polygons        0/0               0/0        ( 0.0%) 
occluder vert ind        0/0               0/0        ( 0.0%) 
detail props          [variable]          12/0        ( 0.0%) 
static props          [variable]        1338/0        ( 0.0%) 
static prop count       11/16384           0/0        ( 0.1%) 
pakfile               [variable]       82506/0        ( 0.0%) 
physics               [variable]      230218/4194304  ( 5.5%) 
physics terrain       [variable]        6664/1048576  ( 0.6%) 

Level flags = 0

Total triangle count: 6607
Writing d:\steamlibrary\steamapps\common\garrysmod\garrysmod\addons\fps_boardgame\maps\bfps_backrooms.bsp
5 seconds elapsed




[Reading texlights from 'lights.rad']
[51 texlights parsed from 'lights.rad']
Loading d:\steamlibrary\steamapps\common\garrysmod\garrysmod\addons\fps_boardgame\maps\bfps_backrooms.bsp
BuildFacelights:     0...1...2...3...4...5...6...7...8...9...10 (1)
BuildVisLeafs:       0...1...2...3...4...5...6...7...8...9...10 (2)
transfers 15590262, max 874
GatherLight:         0...1...2...3...4...5...6...7...8...9...10 (0)
GatherLight:         0...1...2...3...4...5...6...7...8...9...10 (1)
GatherLight:         0...1...2...3...4...5...6...7...8...9...10 (0)
GatherLight:         0...1...2...3...4...5...6...7...8...9...10 (0)
GatherLight:         0...1...2...3...4...5...6...7...8...9...10 (0)
GatherLight:         0...1...2...3...4...5...6...7...8...9...10 (0)
GatherLight:         0...1...2...3...4...5...6...7...8...9...10 (0)
GatherLight:         0...1...2...3...4...5...6...7...8...9...10 (0)
GatherLight:         0...1...2...3...4...5...6...7...8...9...10 (0)
GatherLight:         0...1...2...3...4...5...6...7...8...9...10 (0)
GatherLight:         0...1...2...3...4...5...6...7...8...9...10 (0)
Build Patch/Sample Hash Table(s).....Done<0.0221 sec>
FinalLightFace:      0...1...2...3...4...5...6...7...8...9...10 (1)
FinalLightFace Done
0 of 0 (0% of) surface lights went in leaf ambient cubes.
ThreadComputeLeafAmbient: 0...1...2...3...4...5...6...7...8...9...10 (0)
Writing leaf ambient...done
Ready to Finish

Object names       Objects/Maxobjs  Memory / Maxmem  Fullness 
------------       ---------------  ---------------  -------- 
models                  32/4096         1536/196608   ( 0.8%) 
brushes                606/65535        7272/786420   ( 0.9%) 
brushsides            5836/655350      46688/5242800  ( 0.9%) 
planes                6464/65536      129280/1310720  ( 9.9%) 
vertexes              4185/65536       50220/786432   ( 6.4%) 
nodes                  520/65536       16640/2097152  ( 0.8%) 
texinfos              1487/16384      107064/1179648  ( 9.1%) 
texdata                 94/8192         3008/262144   ( 1.1%) 
dispinfos               24/0            4224/0        ( 0.0%) 
disp_verts            1776/0           35520/0        ( 0.0%) 
disp_tris             2784/0            5568/0        ( 0.0%) 
disp_multiblend          0/0               0/0        ( 0.0%) 
disp_lmsamples      365504/0          365504/0        ( 0.0%) 
faces                 2644/65536      148064/3670016  ( 4.0%) 
hdr faces             2644/65536      148064/3670016  ( 4.0%) 
origfaces             1924/65536      107744/3670016  ( 2.9%) 
leaves                 553/65536       17696/2097152  ( 0.8%) 
leaffaces             2878/65536        5756/131072   ( 4.4%) 
leafbrushes            872/65536        1744/131072   ( 1.3%) 
areas                    3/1024           24/8192     ( 0.3%) 
surfedges            19613/512000      78452/2048000  ( 3.8%) 
edges                12285/256000      49140/1024000  ( 4.8%) 
LDR worldlights         13/8192         1144/720896   ( 0.2%) 
HDR worldlights         13/8192         1144/720896   ( 0.2%) 
leafwaterdata            0/32768           0/393216   ( 0.0%) 
waterstrips            241/32768        2410/327680   ( 0.7%) 
waterverts               0/65536           0/786432   ( 0.0%) 
waterindices          3345/65536        6690/131072   ( 5.1%) 
cubemapsamples          14/1024          224/16384    ( 1.4%) 
overlays                 1/8192          352/2883584  ( 0.0%) 
LDR lightdata         [variable]     4215236/0        ( 0.0%) 
HDR lightdata         [variable]     4215236/0        ( 0.0%) 
visdata               [variable]        4155/16777216 ( 0.0%) 
entdata               [variable]       78079/4194304  ( 1.9%) 
LDR ambient table      553/65536        2212/262144   ( 0.8%) 
HDR ambient table      553/65536        2212/262144   ( 0.8%) 
LDR leaf ambient      1488/65536       41664/1835008  ( 2.3%) 
HDR leaf ambient      1488/65536       41664/1835008  ( 2.3%) 
occluders                0/0               0/0        ( 0.0%) 
occluder polygons        0/0               0/0        ( 0.0%) 
occluder vert ind        0/0               0/0        ( 0.0%) 
detail props          [variable]          12/0        ( 0.0%) 
static props          [variable]        1338/0        ( 0.0%) 
static prop count       11/16384           0/0        ( 0.1%) 
pakfile               [variable]       82506/0        ( 0.0%) 
physics               [variable]      230218/4194304  ( 5.5%) 
physics terrain       [variable]        6664/1048576  ( 0.6%) 

Level flags = 0

Total triangle count: 6607
Writing d:\steamlibrary\steamapps\common\garrysmod\garrysmod\addons\fps_boardgame\maps\bfps_backrooms.bsp
5 seconds elapsed

