PRT1
113
257
4 0 24 (1024 5120 264 ) (1024 5120 2056 ) (1024 5696 2056 ) (1024 5696 264 ) 
4 0 1 (1800 5120 2056 ) (1024 5120 2056 ) (1024 5120 264 ) (1800 5120 264 ) 
4 1 93 (1800 4096 2056 ) (1024 4096 2056 ) (1024 4096 264 ) (1800 4096 264 ) 
4 1 49 (1024 4096 264 ) (1024 4096 2056 ) (1024 5120 2056 ) (1024 5120 264 ) 
4 2 3 (-1008 6560 416 ) (-1008 6848 416 ) (-1008 6848 264 ) (-1008 6560 264 ) 
4 3 64 (-1024 6848 416 ) (-1024 6848 264 ) (-1024 6560 264 ) (-1024 6560 416 ) 
4 3 4 (-1024 6560 264 ) (-1008 6560 264 ) (-1008 6560 376 ) (-1024 6560 376 ) 
4 4 65 (-1024 6560 264 ) (-1024 6552 264 ) (-1024 6552 376 ) (-1024 6560 376 ) 
4 4 9 (-1024 6552 264 ) (-1008 6552 264 ) (-1008 6552 376 ) (-1024 6552 376 ) 
4 5 54 (-1024 6488 568 ) (-1024 6488 560 ) (-1024 6408 560 ) (-1024 6408 568 ) 
4 5 53 (-1024 6488 5744 ) (-1024 6488 568 ) (-1024 6408 568 ) (-1024 6408 5744 ) 
4 5 16 (-1024 6408 5744 ) (-1024 6408 560 ) (-688 6408 560 ) (-688 6408 5744 ) 
4 5 15 (-688 6408 560 ) (-664 6408 560 ) (-664 6408 5744 ) (-688 6408 5744 ) 
4 5 13 (-664 6408 560 ) (-536 6408 560 ) (-536 6408 600 ) (-664 6408 600 ) 
4 5 12 (-536 6408 600 ) (-536 6408 624 ) (-664 6408 624 ) (-664 6408 600 ) 
4 5 11 (-536 6408 624 ) (-536 6408 5744 ) (-664 6408 5744 ) (-664 6408 624 ) 
4 5 7 (-960 6408 560 ) (-968 6408 560 ) (-968 6488 560 ) (-960 6488 560 ) 
4 5 6 (-536 6408 560 ) (-960 6408 560 ) (-960 6488 560 ) (-536 6488 560 ) 
4 5 8 (-968 6408 560 ) (-1024 6408 560 ) (-1024 6488 560 ) (-968 6488 560 ) 
4 6 16 (-960 6408 488 ) (-688 6408 488 ) (-688 6408 560 ) (-960 6408 560 ) 
4 6 15 (-688 6408 488 ) (-664 6408 488 ) (-664 6408 560 ) (-688 6408 560 ) 
4 6 13 (-664 6408 488 ) (-536 6408 488 ) (-536 6408 560 ) (-664 6408 560 ) 
4 6 7 (-960 6488 488 ) (-960 6408 488 ) (-960 6408 560 ) (-960 6488 560 ) 
4 7 16 (-968 6408 488 ) (-960 6408 488 ) (-960 6408 560 ) (-968 6408 560 ) 
4 7 8 (-968 6488 488 ) (-968 6408 488 ) (-968 6408 560 ) (-968 6488 560 ) 
4 8 54 (-1024 6488 560 ) (-1024 6488 488 ) (-1024 6408 488 ) (-1024 6408 560 ) 
4 8 16 (-1024 6408 560 ) (-1024 6408 488 ) (-968 6408 488 ) (-968 6408 560 ) 
4 9 66 (-1024 6552 416 ) (-1024 6552 264 ) (-1024 6416 264 ) (-1024 6416 416 ) 
4 9 10 (-960 6416 304 ) (-960 6416 336 ) (-1024 6416 336 ) (-1024 6416 304 ) 
4 10 71 (-1024 6408 304 ) (-1024 6408 336 ) (-1024 6416 336 ) (-1024 6416 304 ) 
4 10 20 (-1024 6408 336 ) (-1024 6408 304 ) (-960 6408 304 ) (-960 6408 336 ) 
4 11 15 (-664 6408 5744 ) (-664 6408 624 ) (-664 6336 624 ) (-664 6336 5744 ) 
4 11 12 (-664 6336 624 ) (-664 6408 624 ) (-536 6408 624 ) (-536 6336 624 ) 
4 12 44 (-664 6144 624 ) (-664 6144 440 ) (-536 6144 440 ) (-536 6144 624 ) 
4 12 15 (-664 6408 624 ) (-664 6408 600 ) (-664 6336 528 ) (-664 6336 624 ) 
4 12 14 (-664 6144 440 ) (-664 6248 440 ) (-536 6248 440 ) (-536 6144 440 ) 
4 12 13 (-664 6296 488 ) (-664 6408 600 ) (-536 6408 600 ) (-536 6296 488 ) 
4 13 15 (-664 6408 600 ) (-664 6408 488 ) (-664 6336 488 ) (-664 6336 528 ) 
4 14 44 (-664 6144 440 ) (-664 6144 336 ) (-536 6144 336 ) (-536 6144 440 ) 
4 15 16 (-688 6408 5744 ) (-688 6408 488 ) (-688 6336 488 ) (-688 6336 5744 ) 
4 16 54 (-1024 6408 568 ) (-1024 6408 488 ) (-1024 6296 488 ) (-1024 6296 568 ) 
4 16 53 (-1024 6408 5744 ) (-1024 6408 568 ) (-1024 6296 568 ) (-1024 6296 5744 ) 
4 16 21 (-688 6296 492 ) (-688 6296 5744 ) (-1024 6296 5744 ) (-1024 6296 492 ) 
4 17 19 (-768 6400 440 ) (-768 6400 336 ) (-688 6400 336 ) (-688 6400 440 ) 
4 17 20 (-768 6400 440 ) (-768 6408 440 ) (-768 6408 336 ) (-768 6400 336 ) 
4 17 18 (-688 6400 336 ) (-768 6400 336 ) (-768 6408 336 ) (-688 6408 336 ) 
4 18 19 (-768 6400 336 ) (-768 6400 264 ) (-688 6400 264 ) (-688 6400 336 ) 
4 18 20 (-768 6408 336 ) (-768 6408 264 ) (-768 6400 264 ) (-768 6400 336 ) 
4 19 22 (-768 6296 264 ) (-688 6296 264 ) (-688 6296 436 ) (-768 6296 436 ) 
4 19 20 (-768 6296 264 ) (-768 6296 440 ) (-768 6400 440 ) (-768 6400 264 ) 
4 20 73 (-1024 6408 440 ) (-1024 6408 264 ) (-1024 6296 264 ) (-1024 6296 440 ) 
4 20 22 (-1024 6296 264 ) (-768 6296 264 ) (-768 6296 436 ) (-1024 6296 436 ) 
4 21 62 (-1024 6288 5744 ) (-1024 6296 5744 ) (-1024 6296 492 ) (-1024 6288 492 ) 
4 21 63 (-1024 6144 492 ) (-1024 6144 5744 ) (-1024 6288 5744 ) (-1024 6288 492 ) 
4 21 45 (-1024 6144 5744 ) (-1024 6144 492 ) (-688 6144 492 ) (-688 6144 5744 ) 
4 21 23 (-1024 6144 492 ) (-1024 6288 492 ) (-688 6288 492 ) (-688 6144 492 ) 
4 22 74 (-1024 6296 436 ) (-1024 6296 264 ) (-1024 6288 264 ) (-1024 6288 436 ) 
4 22 23 (-1024 6288 264 ) (-688 6288 264 ) (-688 6288 436 ) (-1024 6288 436 ) 
4 23 75 (-1024 6144 264 ) (-1024 6144 440 ) (-1024 6288 440 ) (-1024 6288 264 ) 
4 23 63 (-1024 6144 440 ) (-1024 6144 492 ) (-1024 6288 492 ) (-1024 6288 440 ) 
4 23 45 (-1024 6144 492 ) (-1024 6144 264 ) (-688 6144 264 ) (-688 6144 492 ) 
4 24 49 (1024 5120 264 ) (1024 5120 2056 ) (0 5120 2056 ) (0 5120 264 ) 
4 24 40 (0 5120 264 ) (0 5120 424 ) (0 5696 424 ) (0 5696 264 ) 
4 24 25 (0 5120 424 ) (0 5120 2056 ) (0 5696 2056 ) (0 5696 424 ) 
4 25 50 (0 5120 424 ) (0 5120 2056 ) (-128 5120 2056 ) (-128 5120 424 ) 
4 25 40 (0 5120 424 ) (-128 5120 424 ) (-128 5696 424 ) (0 5696 424 ) 
4 25 27 (-128 5576 424 ) (-128 5120 424 ) (-128 5120 712 ) (-128 5576 712 ) 
4 25 26 (-128 5120 712 ) (-128 5120 2056 ) (-128 5696 2056 ) (-128 5696 712 ) 
4 26 50 (-480 5120 2056 ) (-480 5120 712 ) (-128 5120 712 ) (-128 5120 2056 ) 
4 26 42 (-480 5696 712 ) (-480 5120 712 ) (-480 5120 2056 ) (-480 5696 2056 ) 
4 26 27 (-480 5120 712 ) (-480 5576 712 ) (-128 5576 712 ) (-128 5120 712 ) 
4 27 50 (-480 5120 712 ) (-480 5120 424 ) (-128 5120 424 ) (-128 5120 712 ) 
4 27 42 (-480 5576 424 ) (-480 5120 424 ) (-480 5120 712 ) (-480 5576 712 ) 
4 27 40 (-128 5120 424 ) (-480 5120 424 ) (-480 5576 424 ) (-128 5576 424 ) 
4 28 41 (-480 5872 264 ) (-480 5744 264 ) (-480 5744 384 ) (-480 5872 384 ) 
4 28 35 (-424 5728 272 ) (-360 5728 272 ) (-360 5728 368 ) (-424 5728 368 ) 
4 28 34 (-360 5728 272 ) (-248 5728 272 ) (-248 5728 368 ) (-360 5728 368 ) 
4 28 38 (-432 5728 368 ) (-432 5728 272 ) (-424 5728 272 ) (-424 5728 368 ) 
4 28 31 (-248 5728 272 ) (-184 5728 272 ) (-184 5728 368 ) (-248 5728 368 ) 
4 28 30 (-184 5728 272 ) (-176 5728 272 ) (-176 5728 368 ) (-184 5728 368 ) 
4 28 39 (-432 5728 272 ) (-432 5728 264 ) (-176 5728 264 ) (-176 5728 272 ) 
4 28 29 (-432 5728 384 ) (-432 5728 368 ) (-176 5728 368 ) (-176 5728 384 ) 
4 29 36 (-360 5716 368 ) (-360 5712 368 ) (-424 5712 368 ) (-424 5716 368 ) 
4 29 35 (-424 5728 368 ) (-360 5728 368 ) (-360 5716 368 ) (-424 5716 368 ) 
4 29 37 (-360 5712 368 ) (-360 5696 368 ) (-424 5696 368 ) (-424 5712 368 ) 
4 29 34 (-360 5728 368 ) (-248 5728 368 ) (-248 5696 368 ) (-360 5696 368 ) 
4 29 38 (-432 5696 368 ) (-432 5728 368 ) (-424 5728 368 ) (-424 5696 368 ) 
4 29 32 (-184 5716 368 ) (-184 5712 368 ) (-248 5712 368 ) (-248 5716 368 ) 
4 29 31 (-248 5728 368 ) (-184 5728 368 ) (-184 5716 368 ) (-248 5716 368 ) 
4 29 33 (-184 5712 368 ) (-184 5696 368 ) (-248 5696 368 ) (-248 5712 368 ) 
4 29 30 (-184 5728 368 ) (-176 5728 368 ) (-176 5696 368 ) (-184 5696 368 ) 
4 29 40 (-432 5696 384 ) (-432 5696 368 ) (-176 5696 368 ) (-176 5696 384 ) 
4 30 32 (-184 5716 272 ) (-184 5712 272 ) (-184 5712 368 ) (-184 5716 368 ) 
4 30 31 (-184 5728 272 ) (-184 5716 272 ) (-184 5716 368 ) (-184 5728 368 ) 
4 30 33 (-184 5712 272 ) (-184 5696 272 ) (-184 5696 368 ) (-184 5712 368 ) 
4 30 40 (-184 5696 272 ) (-176 5696 272 ) (-176 5696 368 ) (-184 5696 368 ) 
4 30 39 (-184 5728 272 ) (-176 5728 272 ) (-176 5696 272 ) (-184 5696 272 ) 
4 31 34 (-248 5728 272 ) (-248 5716 272 ) (-248 5716 368 ) (-248 5728 368 ) 
4 31 39 (-248 5728 272 ) (-184 5728 272 ) (-184 5716 272 ) (-248 5716 272 ) 
4 31 32 (-248 5716 368 ) (-248 5716 272 ) (-184 5716 272 ) (-184 5716 368 ) 
4 32 34 (-248 5716 272 ) (-248 5712 272 ) (-248 5712 368 ) (-248 5716 368 ) 
4 32 33 (-248 5712 368 ) (-248 5712 272 ) (-184 5712 272 ) (-184 5712 368 ) 
4 32 39 (-184 5716 272 ) (-184 5712 272 ) (-248 5712 272 ) (-248 5716 272 ) 
4 33 34 (-248 5712 272 ) (-248 5696 272 ) (-248 5696 368 ) (-248 5712 368 ) 
4 33 39 (-184 5712 272 ) (-184 5696 272 ) (-248 5696 272 ) (-248 5712 272 ) 
4 33 40 (-248 5696 272 ) (-184 5696 272 ) (-184 5696 368 ) (-248 5696 368 ) 
4 34 36 (-360 5716 272 ) (-360 5712 272 ) (-360 5712 368 ) (-360 5716 368 ) 
4 34 35 (-360 5728 272 ) (-360 5716 272 ) (-360 5716 368 ) (-360 5728 368 ) 
4 34 37 (-360 5712 272 ) (-360 5696 272 ) (-360 5696 368 ) (-360 5712 368 ) 
4 34 39 (-360 5728 272 ) (-248 5728 272 ) (-248 5696 272 ) (-360 5696 272 ) 
4 34 40 (-360 5696 272 ) (-248 5696 272 ) (-248 5696 368 ) (-360 5696 368 ) 
4 35 38 (-424 5728 272 ) (-424 5716 272 ) (-424 5716 368 ) (-424 5728 368 ) 
4 35 39 (-424 5728 272 ) (-360 5728 272 ) (-360 5716 272 ) (-424 5716 272 ) 
4 35 36 (-424 5716 368 ) (-424 5716 272 ) (-360 5716 272 ) (-360 5716 368 ) 
4 36 37 (-424 5712 368 ) (-424 5712 272 ) (-360 5712 272 ) (-360 5712 368 ) 
4 36 38 (-424 5716 272 ) (-424 5712 272 ) (-424 5712 368 ) (-424 5716 368 ) 
4 36 39 (-360 5716 272 ) (-360 5712 272 ) (-424 5712 272 ) (-424 5716 272 ) 
4 37 40 (-424 5696 272 ) (-360 5696 272 ) (-360 5696 368 ) (-424 5696 368 ) 
4 37 39 (-360 5712 272 ) (-360 5696 272 ) (-424 5696 272 ) (-424 5712 272 ) 
4 37 38 (-424 5712 272 ) (-424 5696 272 ) (-424 5696 368 ) (-424 5712 368 ) 
4 38 40 (-432 5696 368 ) (-432 5696 272 ) (-424 5696 272 ) (-424 5696 368 ) 
4 38 39 (-432 5696 272 ) (-432 5728 272 ) (-424 5728 272 ) (-424 5696 272 ) 
4 39 40 (-432 5696 272 ) (-432 5696 264 ) (-176 5696 264 ) (-176 5696 272 ) 
4 40 50 (0 5120 264 ) (0 5120 424 ) (-480 5120 424 ) (-480 5120 264 ) 
4 40 43 (-480 5696 264 ) (-480 5120 264 ) (-480 5120 424 ) (-480 5696 424 ) 
4 41 46 (-512 5872 264 ) (-512 5744 264 ) (-512 5744 384 ) (-512 5872 384 ) 
4 42 50 (-512 5120 2056 ) (-512 5120 424 ) (-480 5120 424 ) (-480 5120 2056 ) 
4 42 48 (-512 5120 424 ) (-512 5120 2056 ) (-512 5696 2056 ) (-512 5696 424 ) 
4 42 43 (-512 5120 424 ) (-512 5696 424 ) (-480 5696 424 ) (-480 5120 424 ) 
4 43 50 (-512 5120 424 ) (-512 5120 264 ) (-480 5120 264 ) (-480 5120 424 ) 
4 43 48 (-512 5696 264 ) (-512 5120 264 ) (-512 5120 424 ) (-512 5696 424 ) 
4 44 47 (-536 6016 264 ) (-536 6016 624 ) (-664 6016 624 ) (-664 6016 264 ) 
4 45 78 (-1024 6016 352 ) (-1024 6016 424 ) (-1024 6144 424 ) (-1024 6144 352 ) 
4 45 83 (-1024 6016 264 ) (-1024 6016 352 ) (-1024 6144 352 ) (-1024 6144 264 ) 
4 45 77 (-1024 6016 424 ) (-1024 6016 5744 ) (-1024 6144 5744 ) (-1024 6144 424 ) 
4 45 47 (-688 6016 5744 ) (-1024 6016 5744 ) (-1024 6016 264 ) (-688 6016 264 ) 
4 46 47 (-528 5872 264 ) (-528 5712 264 ) (-528 5712 5744 ) (-528 5872 5744 ) 
4 47 78 (-1024 6016 424 ) (-1024 6016 352 ) (-1024 5712 352 ) (-1024 5712 424 ) 
4 47 83 (-1024 6016 352 ) (-1024 6016 264 ) (-1024 5712 264 ) (-1024 5712 352 ) 
4 47 77 (-1024 6016 5744 ) (-1024 6016 424 ) (-1024 5712 424 ) (-1024 5712 5744 ) 
4 48 84 (-1024 5120 264 ) (-1024 5120 2056 ) (-1024 5696 2056 ) (-1024 5696 264 ) 
4 48 50 (-1024 5120 2056 ) (-1024 5120 264 ) (-512 5120 264 ) (-512 5120 2056 ) 
4 49 97 (1024 4096 264 ) (1024 4096 2056 ) (0 4096 2056 ) (0 4096 264 ) 
4 49 50 (0 5120 2056 ) (0 5120 264 ) (0 4096 264 ) (0 4096 2056 ) 
4 50 98 (0 4096 264 ) (0 4096 2056 ) (-1024 4096 2056 ) (-1024 4096 264 ) 
4 50 86 (-1024 4096 264 ) (-1024 4096 2056 ) (-1024 5120 2056 ) (-1024 5120 264 ) 
4 51 52 (-1448 6496 592 ) (-1448 6496 488 ) (-1400 6496 488 ) (-1400 6496 592 ) 
4 52 58 (-1448 6488 568 ) (-1448 6488 488 ) (-1400 6488 488 ) (-1400 6488 568 ) 
4 52 53 (-1448 6488 592 ) (-1448 6488 568 ) (-1400 6488 568 ) (-1400 6488 592 ) 
4 53 62 (-1664 6296 5744 ) (-1664 6296 568 ) (-1024 6296 568 ) (-1024 6296 5744 ) 
4 53 60 (-1464 6296 568 ) (-1480 6296 568 ) (-1480 6487 568 ) (-1464 6487 568 ) 
4 53 61 (-1480 6296 568 ) (-1664 6296 568 ) (-1664 6488 568 ) (-1480 6488 568 ) 
4 53 55 (-1184 6408 568 ) (-1184 6488 568 ) (-1176 6488 568 ) (-1176 6408 568 ) 
4 53 57 (-1176 6296 568 ) (-1184 6296 568 ) (-1184 6408 568 ) (-1176 6408 568 ) 
4 53 54 (-1024 6296 568 ) (-1176 6296 568 ) (-1176 6488 568 ) (-1024 6488 568 ) 
4 53 58 (-1184 6296 568 ) (-1464 6296 568 ) (-1464 6488 568 ) (-1184 6488 568 ) 
4 54 62 (-1024 6296 492 ) (-1024 6296 568 ) (-1176 6296 568 ) (-1176 6296 492 ) 
4 54 56 (-1176 6488 488 ) (-1176 6408 488 ) (-1176 6408 560 ) (-1176 6488 560 ) 
4 54 55 (-1176 6408 560 ) (-1176 6408 568 ) (-1176 6488 568 ) (-1176 6488 560 ) 
4 54 57 (-1176 6408 488 ) (-1176 6296 488 ) (-1176 6296 568 ) (-1176 6408 568 ) 
4 55 57 (-1184 6408 568 ) (-1184 6408 560 ) (-1176 6408 560 ) (-1176 6408 568 ) 
4 55 58 (-1184 6408 560 ) (-1184 6408 568 ) (-1184 6488 568 ) (-1184 6488 560 ) 
4 55 56 (-1176 6408 560 ) (-1184 6408 560 ) (-1184 6488 560 ) (-1176 6488 560 ) 
4 56 57 (-1184 6408 560 ) (-1184 6408 488 ) (-1176 6408 488 ) (-1176 6408 560 ) 
4 56 58 (-1184 6488 488 ) (-1184 6408 488 ) (-1184 6408 560 ) (-1184 6488 560 ) 
4 57 62 (-1176 6296 492 ) (-1176 6296 568 ) (-1184 6296 568 ) (-1184 6296 492 ) 
4 57 58 (-1184 6408 488 ) (-1184 6296 488 ) (-1184 6296 568 ) (-1184 6408 568 ) 
4 58 62 (-1184 6296 492 ) (-1184 6296 568 ) (-1464 6296 568 ) (-1464 6296 492 ) 
4 58 59 (-1464 6488 488 ) (-1464 6487 488 ) (-1464 6487 544 ) (-1464 6488 544 ) 
4 58 60 (-1464 6487 488 ) (-1464 6296 488 ) (-1464 6296 568 ) (-1464 6487 568 ) 
4 59 60 (-1480 6487 544 ) (-1480 6487 488 ) (-1464 6487 488 ) (-1464 6487 544 ) 
4 59 61 (-1480 6488 488 ) (-1480 6487 488 ) (-1480 6487 544 ) (-1480 6488 544 ) 
4 60 62 (-1464 6296 492 ) (-1464 6296 568 ) (-1480 6296 568 ) (-1480 6296 492 ) 
4 60 61 (-1480 6487 488 ) (-1480 6296 488 ) (-1480 6296 568 ) (-1480 6487 568 ) 
4 61 62 (-1664 6296 568 ) (-1664 6296 492 ) (-1480 6296 492 ) (-1480 6296 568 ) 
4 62 63 (-1024 6288 5744 ) (-1664 6288 5744 ) (-1664 6288 492 ) (-1024 6288 492 ) 
4 63 77 (-1024 6144 440 ) (-1024 6144 5744 ) (-1664 6144 5744 ) (-1664 6144 440 ) 
4 63 75 (-1024 6288 440 ) (-1024 6144 440 ) (-1664 6144 440 ) (-1664 6288 440 ) 
4 64 69 (-1472 6784 336 ) (-1472 6784 264 ) (-1472 6720 264 ) (-1472 6720 336 ) 
4 64 68 (-1240 6560 416 ) (-1472 6560 416 ) (-1472 6560 264 ) (-1240 6560 264 ) 
4 64 65 (-1024 6560 264 ) (-1024 6560 376 ) (-1088 6560 376 ) (-1088 6560 264 ) 
4 65 66 (-1088 6552 376 ) (-1088 6552 264 ) (-1024 6552 264 ) (-1024 6552 376 ) 
4 66 71 (-1024 6416 304 ) (-1024 6416 336 ) (-1088 6416 336 ) (-1088 6416 304 ) 
4 66 67 (-1088 6552 264 ) (-1088 6416 264 ) (-1088 6416 416 ) (-1088 6552 416 ) 
4 68 72 (-1408 6416 384 ) (-1408 6416 264 ) (-1344 6416 264 ) (-1344 6416 384 ) 
4 69 70 (-1480 6784 336 ) (-1480 6784 264 ) (-1480 6720 264 ) (-1480 6720 336 ) 
4 70 76 (-2048 6608 440 ) (-2048 6800 440 ) (-2048 6800 264 ) (-2048 6608 264 ) 
4 71 73 (-1088 6408 336 ) (-1088 6408 304 ) (-1024 6408 304 ) (-1024 6408 336 ) 
4 72 73 (-1408 6408 384 ) (-1408 6408 264 ) (-1344 6408 264 ) (-1344 6408 384 ) 
4 73 74 (-1664 6296 436 ) (-1664 6296 264 ) (-1024 6296 264 ) (-1024 6296 436 ) 
4 74 75 (-1664 6288 436 ) (-1664 6288 264 ) (-1024 6288 264 ) (-1024 6288 436 ) 
4 75 79 (-1064 6144 424 ) (-1112 6144 424 ) (-1112 6144 352 ) (-1064 6144 352 ) 
4 75 78 (-1024 6144 352 ) (-1024 6144 424 ) (-1064 6144 424 ) (-1064 6144 352 ) 
4 75 82 (-1112 6144 424 ) (-1664 6144 424 ) (-1664 6144 352 ) (-1112 6144 352 ) 
4 75 83 (-1024 6144 264 ) (-1024 6144 352 ) (-1664 6144 352 ) (-1664 6144 264 ) 
4 75 77 (-1024 6144 424 ) (-1024 6144 440 ) (-1664 6144 440 ) (-1664 6144 424 ) 
4 77 80 (-1112 6024 424 ) (-1112 6072 424 ) (-1064 6072 424 ) (-1064 6024 424 ) 
4 77 79 (-1112 6072 424 ) (-1112 6144 424 ) (-1064 6144 424 ) (-1064 6072 424 ) 
4 77 81 (-1064 5712 424 ) (-1112 5712 424 ) (-1112 6024 424 ) (-1064 6024 424 ) 
4 77 78 (-1024 5712 424 ) (-1064 5712 424 ) (-1064 6144 424 ) (-1024 6144 424 ) 
4 77 82 (-1112 5712 424 ) (-1664 5712 424 ) (-1664 6144 424 ) (-1112 6144 424 ) 
4 78 80 (-1064 6072 352 ) (-1064 6024 352 ) (-1064 6024 424 ) (-1064 6072 424 ) 
4 78 79 (-1064 6144 352 ) (-1064 6072 352 ) (-1064 6072 424 ) (-1064 6144 424 ) 
4 78 81 (-1064 6024 352 ) (-1064 5712 352 ) (-1064 5712 424 ) (-1064 6024 424 ) 
4 78 83 (-1024 5712 352 ) (-1064 5712 352 ) (-1064 6144 352 ) (-1024 6144 352 ) 
4 79 82 (-1112 6144 352 ) (-1112 6072 352 ) (-1112 6072 424 ) (-1112 6144 424 ) 
4 79 83 (-1112 6072 352 ) (-1112 6144 352 ) (-1064 6144 352 ) (-1064 6072 352 ) 
4 79 80 (-1112 6072 424 ) (-1112 6072 352 ) (-1064 6072 352 ) (-1064 6072 424 ) 
4 80 81 (-1112 6024 424 ) (-1112 6024 352 ) (-1064 6024 352 ) (-1064 6024 424 ) 
4 80 82 (-1112 6072 352 ) (-1112 6024 352 ) (-1112 6024 424 ) (-1112 6072 424 ) 
4 80 83 (-1112 6024 352 ) (-1112 6072 352 ) (-1064 6072 352 ) (-1064 6024 352 ) 
4 81 83 (-1064 5712 352 ) (-1112 5712 352 ) (-1112 6024 352 ) (-1064 6024 352 ) 
4 81 82 (-1112 6024 352 ) (-1112 5712 352 ) (-1112 5712 424 ) (-1112 6024 424 ) 
4 82 83 (-1112 5712 352 ) (-1664 5712 352 ) (-1664 6144 352 ) (-1112 6144 352 ) 
4 84 86 (-1024 5120 264 ) (-1024 5120 2056 ) (-1664 5120 2056 ) (-1664 5120 264 ) 
4 84 85 (-1664 5696 264 ) (-1664 5120 264 ) (-1664 5120 2056 ) (-1664 5696 2056 ) 
4 85 87 (-2048 5696 264 ) (-2048 5120 264 ) (-2048 5120 2056 ) (-2048 5696 2056 ) 
4 85 86 (-1664 5120 264 ) (-1664 5120 2056 ) (-2048 5120 2056 ) (-2048 5120 264 ) 
4 86 101 (-1024 4096 264 ) (-1024 4096 2056 ) (-2048 4096 2056 ) (-2048 4096 264 ) 
4 86 88 (-2048 4096 264 ) (-2048 4096 2056 ) (-2048 5120 2056 ) (-2048 5120 264 ) 
4 87 88 (-2048 5120 264 ) (-2048 5120 2056 ) (-2296 5120 2056 ) (-2296 5120 264 ) 
4 88 103 (-2048 4096 264 ) (-2048 4096 2056 ) (-2296 4096 2056 ) (-2296 4096 264 ) 
4 89 91 (3856 3072 13.189300 ) (3856 3072 47.063305 ) (3344 3072 47.063305 ) (3344 3072 13.189300 ) 
4 89 90 (3344 3072 13.189300 ) (3344 3192 13.189300 ) (3856 3192 13.189300 ) (3856 3072 13.189300 ) 
4 90 92 (3856 3072 -113.810997 ) (3856 3072 13.189300 ) (3344 3072 13.189300 ) (3344 3072 -113.810997 ) 
4 91 92 (3856 2680 13.189300 ) (3344 2680 13.189300 ) (3344 3072 13.189300 ) (3856 3072 13.189300 ) 
4 93 97 (1024 4096 2056 ) (1024 4096 264 ) (1024 3072 264 ) (1024 3072 2056 ) 
4 93 94 (1800 3072 2056 ) (1024 3072 2056 ) (1024 3072 264 ) (1800 3072 264 ) 
4 94 99 (1024 2048 264 ) (1024 2048 2056 ) (1024 3072 2056 ) (1024 3072 264 ) 
4 94 95 (1800 2048 2056 ) (1024 2048 2056 ) (1024 2048 264 ) (1800 2048 264 ) 
4 95 105 (1024 1024 264 ) (1024 1024 2056 ) (1024 2048 2056 ) (1024 2048 264 ) 
4 95 96 (1800 1024 2056 ) (1024 1024 2056 ) (1024 1024 264 ) (1800 1024 264 ) 
4 96 107 (1024 528 2056 ) (1024 1024 2056 ) (1024 1024 264 ) (1024 528 264 ) 
4 97 99 (1024 3072 264 ) (1024 3072 2056 ) (0 3072 2056 ) (0 3072 264 ) 
4 97 98 (0 4096 2056 ) (0 4096 264 ) (0 3072 264 ) (0 3072 2056 ) 
4 98 101 (-1024 4096 2056 ) (-1024 4096 264 ) (-1024 3072 264 ) (-1024 3072 2056 ) 
4 98 100 (0 3072 264 ) (0 3072 2056 ) (-1024 3072 2056 ) (-1024 3072 264 ) 
4 99 105 (1024 2048 264 ) (1024 2048 2056 ) (0 2048 2056 ) (0 2048 264 ) 
4 99 100 (0 3072 2056 ) (0 3072 264 ) (0 2048 264 ) (0 2048 2056 ) 
4 100 106 (0 2048 264 ) (0 2048 2056 ) (-1024 2048 2056 ) (-1024 2048 264 ) 
4 100 102 (-1024 2048 264 ) (-1024 2048 2056 ) (-1024 3072 2056 ) (-1024 3072 264 ) 
4 101 103 (-2048 3072 264 ) (-2048 3072 2056 ) (-2048 4096 2056 ) (-2048 4096 264 ) 
4 101 102 (-1024 3072 264 ) (-1024 3072 2056 ) (-2048 3072 2056 ) (-2048 3072 264 ) 
4 102 109 (-1024 2048 264 ) (-1024 2048 2056 ) (-2048 2048 2056 ) (-2048 2048 264 ) 
4 102 104 (-2048 2048 264 ) (-2048 2048 2056 ) (-2048 3072 2056 ) (-2048 3072 264 ) 
4 103 104 (-2048 3072 264 ) (-2048 3072 2056 ) (-2296 3072 2056 ) (-2296 3072 264 ) 
4 104 110 (-2048 2048 264 ) (-2048 2048 2056 ) (-2296 2048 2056 ) (-2296 2048 264 ) 
4 105 107 (1024 1024 264 ) (1024 1024 2056 ) (0 1024 2056 ) (0 1024 264 ) 
4 105 106 (0 2048 2056 ) (0 2048 264 ) (0 1024 264 ) (0 1024 2056 ) 
4 106 109 (-1024 2048 2056 ) (-1024 2048 264 ) (-1024 1024 264 ) (-1024 1024 2056 ) 
4 106 108 (0 1024 264 ) (0 1024 2056 ) (-1024 1024 2056 ) (-1024 1024 264 ) 
4 107 108 (0 528 2056 ) (0 1024 2056 ) (0 1024 264 ) (0 528 264 ) 
4 108 111 (-1024 528 2056 ) (-1024 1024 2056 ) (-1024 1024 264 ) (-1024 528 264 ) 
4 109 111 (-1024 1024 264 ) (-1024 1024 2056 ) (-2048 1024 2056 ) (-2048 1024 264 ) 
4 109 110 (-2048 2048 2056 ) (-2048 2048 264 ) (-2048 1024 264 ) (-2048 1024 2056 ) 
4 110 112 (-2048 1024 264 ) (-2048 1024 2056 ) (-2296 1024 2056 ) (-2296 1024 264 ) 
4 111 112 (-2048 1024 2056 ) (-2048 1024 264 ) (-2048 528 264 ) (-2048 528 2056 ) 
